// Jest Snapshot v1, https://goo.gl/fbAQLP

exports[`Game class 1`] = `
<div
  className="game"
>
  <div
    className="game-board"
  >
    <div>
      <div
        className="status"
      >
        Next player: X
      </div>
      <div
        className="board-row"
      >
        <button
          className="square"
        />
        <button
          className="square"
        />
        <button
          className="square"
        />
      </div>
      <div
        className="board-row"
      >
        <button
          className="square"
        />
        <button
          className="square"
        />
        <button
          className="square"
        />
      </div>
      <div
        className="board-row"
      >
        <button
          className="square"
        />
        <button
          className="square"
        />
        <button
          className="square"
        />
      </div>
    </div>
  </div>
  <div
    className="game-info"
  >
    <div />
    <ol />
  </div>
</div>
`;
